---
source: crates/ruff_linter/src/rules/flake8_bugbear/mod.rs
---
B035.py:15:2: B035 Dictionary comprehension uses static key: `"key"`
   |
14 | # Errors
15 | {"key": value.upper() for value in data}
   |  ^^^^^ B035
16 | {True: value.upper() for value in data}
17 | {0: value.upper() for value in data}
   |

B035.py:16:2: B035 Dictionary comprehension uses static key: `True`
   |
14 | # Errors
15 | {"key": value.upper() for value in data}
16 | {True: value.upper() for value in data}
   |  ^^^^ B035
17 | {0: value.upper() for value in data}
18 | {(1, "a"): value.upper() for value in data}  # Constant tuple
   |

B035.py:17:2: B035 Dictionary comprehension uses static key: `0`
   |
15 | {"key": value.upper() for value in data}
16 | {True: value.upper() for value in data}
17 | {0: value.upper() for value in data}
   |  ^ B035
18 | {(1, "a"): value.upper() for value in data}  # Constant tuple
19 | {constant: value.upper() for value in data}
   |

B035.py:18:2: B035 Dictionary comprehension uses static key: `(1, "a")`
   |
16 | {True: value.upper() for value in data}
17 | {0: value.upper() for value in data}
18 | {(1, "a"): value.upper() for value in data}  # Constant tuple
   |  ^^^^^^^^ B035
19 | {constant: value.upper() for value in data}
20 | {constant + constant: value.upper() for value in data}
   |

B035.py:19:2: B035 Dictionary comprehension uses static key: `constant`
   |
17 | {0: value.upper() for value in data}
18 | {(1, "a"): value.upper() for value in data}  # Constant tuple
19 | {constant: value.upper() for value in data}
   |  ^^^^^^^^ B035
20 | {constant + constant: value.upper() for value in data}
21 | {constant.attribute: value.upper() for value in data}
   |

B035.py:20:2: B035 Dictionary comprehension uses static key: `constant + constant`
   |
18 | {(1, "a"): value.upper() for value in data}  # Constant tuple
19 | {constant: value.upper() for value in data}
20 | {constant + constant: value.upper() for value in data}
   |  ^^^^^^^^^^^^^^^^^^^ B035
21 | {constant.attribute: value.upper() for value in data}
22 | {constant[0]: value.upper() for value in data}
   |

B035.py:21:2: B035 Dictionary comprehension uses static key: `constant.attribute`
   |
19 | {constant: value.upper() for value in data}
20 | {constant + constant: value.upper() for value in data}
21 | {constant.attribute: value.upper() for value in data}
   |  ^^^^^^^^^^^^^^^^^^ B035
22 | {constant[0]: value.upper() for value in data}
   |

B035.py:22:2: B035 Dictionary comprehension uses static key: `constant[0]`
   |
20 | {constant + constant: value.upper() for value in data}
21 | {constant.attribute: value.upper() for value in data}
22 | {constant[0]: value.upper() for value in data}
   |  ^^^^^^^^^^^ B035
   |


